// Jest Snapshot v1, https://goo.gl/fbAQLP

exports[`Navbar should render the component 1`] = `
Object {
  "asFragment": [Function],
  "baseElement": <body>
    <div>
      <div
        class="container"
      >
        <div
          class="navbar-nav"
        >
          <ul>
            <li
              style="display: inline;"
            >
              <a
                class="item non"
                href="/"
              >
                Home
              </a>
            </li>
            <li
              style="display: inline;"
            >
              <a
                class="item non"
                href="/leaderboard"
              >
                Leaderboard
              </a>
            </li>
            <li
              style="display: inline;"
            >
              <a
                class="item non"
                href="/add"
              >
                New Poll
              </a>
            </li>
          </ul>
           
        </div>
        <div>
          <h1
            class="signIn-heading"
          >
            LOGIN
          </h1>
          <div
            class="signIn"
          >
            <h1>
              Login
            </h1>
            <select
              name="signIn-select"
            >
              <option>
                Suggestion Member
              </option>
            </select>
          </div>
        </div>
      </div>
    </div>
  </body>,
  "container": <div>
    <div
      class="container"
    >
      <div
        class="navbar-nav"
      >
        <ul>
          <li
            style="display: inline;"
          >
            <a
              class="item non"
              href="/"
            >
              Home
            </a>
          </li>
          <li
            style="display: inline;"
          >
            <a
              class="item non"
              href="/leaderboard"
            >
              Leaderboard
            </a>
          </li>
          <li
            style="display: inline;"
          >
            <a
              class="item non"
              href="/add"
            >
              New Poll
            </a>
          </li>
        </ul>
         
      </div>
      <div>
        <h1
          class="signIn-heading"
        >
          LOGIN
        </h1>
        <div
          class="signIn"
        >
          <h1>
            Login
          </h1>
          <select
            name="signIn-select"
          >
            <option>
              Suggestion Member
            </option>
          </select>
        </div>
      </div>
    </div>
  </div>,
  "debug": [Function],
  "findAllByAltText": [Function],
  "findAllByDisplayValue": [Function],
  "findAllByLabelText": [Function],
  "findAllByPlaceholderText": [Function],
  "findAllByRole": [Function],
  "findAllByTestId": [Function],
  "findAllByText": [Function],
  "findAllByTitle": [Function],
  "findByAltText": [Function],
  "findByDisplayValue": [Function],
  "findByLabelText": [Function],
  "findByPlaceholderText": [Function],
  "findByRole": [Function],
  "findByTestId": [Function],
  "findByText": [Function],
  "findByTitle": [Function],
  "getAllByAltText": [Function],
  "getAllByDisplayValue": [Function],
  "getAllByLabelText": [Function],
  "getAllByPlaceholderText": [Function],
  "getAllByRole": [Function],
  "getAllByTestId": [Function],
  "getAllByText": [Function],
  "getAllByTitle": [Function],
  "getByAltText": [Function],
  "getByDisplayValue": [Function],
  "getByLabelText": [Function],
  "getByPlaceholderText": [Function],
  "getByRole": [Function],
  "getByTestId": [Function],
  "getByText": [Function],
  "getByTitle": [Function],
  "queryAllByAltText": [Function],
  "queryAllByDisplayValue": [Function],
  "queryAllByLabelText": [Function],
  "queryAllByPlaceholderText": [Function],
  "queryAllByRole": [Function],
  "queryAllByTestId": [Function],
  "queryAllByText": [Function],
  "queryAllByTitle": [Function],
  "queryByAltText": [Function],
  "queryByDisplayValue": [Function],
  "queryByLabelText": [Function],
  "queryByPlaceholderText": [Function],
  "queryByRole": [Function],
  "queryByTestId": [Function],
  "queryByText": [Function],
  "queryByTitle": [Function],
  "rerender": [Function],
  "unmount": [Function],
}
`;
